69a5df801ea0433687acfaede162874774559022d185a0494170008f0d490f5b