3cd74f7e07d02d4ef2bc8d1619528d2defeecdb8358ace460c3ad8986e14b8d2