    69a5df801ea0433687acfaede162874774559022d185a0494170008f0d490f5b
	316445060e348cca187aae9c576c7a3440803d480125ef4915129781cdff72b6
	e9a6461d8cc1b0e9f61bfb6bf24683f5a5844d22d7f24d159af3fb8b0614c914
	ca041c9d8c834546f1862390685297468464c08ea908bf82a223c6635ba0d704
	9b974ef6827e038ab2bc2ad3004d240c326f9ac40f66cd50c5f9aefa3f94f017
	746a4921a4c960fa11f0bd0f58b7b5ae5a7dcd50e7f81c8d054b70222b01f2df
	0dcce57d07fc67f404b7afbbe25629420894088d131ace0da7825d0ec956ed84
	791be02a159666646d5ee048493f485b90437ef1b1cc758fa4ae8bd738f6d1dd
	04f19928a21b569bed58e00e4cc62282a6a4cf56d44bdd5537c91104640144e3
	a0a7c6547b4440a96ec6ef5733cdf9579214a587c5e8542b98efd03761630ef4
	acc3c2ed1a0e983b60adc29dad8d2a0a6016e9f48af681c0456f9a2f6e5a8b36
	05be1b582ac3f18eabc8d634b5d695fd8c18a6ceff29e11042f4b389d2200169
	a54313086b4c0423860ef4556f37793b2397c2c007155e8a19c46141734ad4f6
	d2cfb7a1718c1840065bdaf59107775539547dda3a37948b15a82f4fbe1c71da
	f13a356c594663fd7b25b4f6fad90cea8865dfc8e52cf99237870cded8c16689
	d69e651ffd044583d64bec56add10ae25dd7e40ef84b443e225ab28ed066788e
	425045449dc445a00742351fb6f89818f04070d49a3f408785ea5502fdae32e8
	65ad65101e3343e406cc36f8e8967002e552a776805b955af1182ae7e3aa241d
	65e5c3d3e4ea76a3a30f283792b0f6159c5386cfd60dd612070ca3a0b563ded3
	c48949dc27da06186277c3fa217e2c4954f3a06f33d0e709068026d74db90257
	3542df2c44265e3391e7650efb851d6f50914ee1b8d5f79916de6faa9d572cc7
	7391f25826e463d1fbd3c64ef4f5e58e19717a0412fec3d55f61c4928d802a2e
	7619e62de628af384f5952bb261ad75c7972b6e2d8dbbe987b68ff87177b27ec
	fa1b8618d773b7254ec9b2c7a0614ca320096ad6e0bbe834e6980a052942ffc8
	9d7204e23bbbeb4a0f69552a37b27153d9e69b3f0afb567c30159b4f93139d94
	247707f581b26ca40b61d15203fcbe8ccf6e92438c4476e778b9ea18df607c6b
	f511699b527597586bcd4c3e313e88334567650c27ca41b16b83926da0285310
	79508bde3138c38cfcfa9eebe81fbffff5d438357c42152fb2bc578636fa7f3a
	b317dcd686820b5f4e50fff4d13fef1559075c457a375be56b7effd43699008d
	7619e62de628af384f5952bb261ad75c7972b6e2d8dbbe987b68ff87177b27ec
	fa1b8618d773b7254ec9b2c7a0614ca320096ad6e0bbe834e6980a052942ffc8
	ae9d36b85883a291377e1785afb19bb477986c4af0388a7a574832271d1743d3
	53b9c2d3970e04f2eff31ec86e73c27ac463fa154508677209958ddfce8ba17d
	cc63972ae3e45cce4a02c92ed6f54b7d3c50e83f550bd21d3ceeb656a7337ba2
	090e4057121fe6ba55ceb9751d4049031cb7ad47c7e49e8823fc4f8baa9fc1f6
	3e7ba44ec2f2608464fe9b30bf185fa85dbaf6f8f6d8a0d845f64ba1f630113c
	67c080b8cea794cbdbb4c6a70a5e9b615ed8a672100c55f1efb5f93927e58672
	9ce7bdf7aa4b06f77360bd00f0d1c6e558fe1b70c573d9601cee42d8b445cad2
	8297045b9609e86608e99ee0d4da7e2d3aff6ee025131bd0b35596b6060283c5
	6cb18d27637b8f48a551b658c91a6cdb5727a8d2644bc9d72a5049a19bf2d7f5
	a8b62c93666b5bfda745a8bb331047cce3b0221de5fee37d2bf764e940d82978
	f7d1b2867bd5948ba1f60653d0cbbc38fa3f5b812efade502e5615ec4a6cbabf
	f765a6a05cbfd1e864ae411dc231e68c84570b779aa35ce5e6f211180da723c5
	661a6f8c3c1577c14ac3e6ee0f758c1367c5eb714affbcc9395771308a308f61
	55af9b97a7adb7f4e9444f7b63f542054e6a0801f0fc9cfacb7f5435df9cb0b2
	e617f01a50567573bb3c537235ba2730b321b11397c8c618828e988e91d74028
	41527fde5ed52ed3c13f0d7a7934dd82252192b94010018b9fd563360a06f561
	3d269b79ba5de8197b0fc1b82ae23dd04f7097fc8d33da0fae3d11f413bf0efa
	7fb45017b9e29d59b844a89921a7c46f07489426e57ac514b0ff10495b20c7c9
	50bca18888c0704a5fc78bf457dd0923e1a2e9a3671cfbec2826270eac09458c
	ea1ff45150d4cd0626888c9bab5804ce91e30dd2552fa938878e2ddecfeea7fa
	8b4c9349f084134ccbe92ce81f32d0000fc2bcc09ea890a81beb19217564813c
	e617f01a50567573bb3c537235ba2730b321b11397c8c618828e988e91d74028
	41527fde5ed52ed3c13f0d7a7934dd82252192b94010018b9fd563360a06f561
	3d269b79ba5de8197b0fc1b82ae23dd04f7097fc8d33da0fae3d11f413bf0efa
	7fb45017b9e29d59b844a89921a7c46f07489426e57ac514b0ff10495b20c7c9
	50bca18888c0704a5fc78bf457dd0923e1a2e9a3671cfbec2826270eac09458c
	ea1ff45150d4cd0626888c9bab5804ce91e30dd2552fa938878e2ddecfeea7fa
	8b4c9349f084134ccbe92ce81f32d0000fc2bcc09ea890a81beb19217564813c
	e617f01a50567573bb3c537235ba2730b321b11397c8c618828e988e91d74028
	41527fde5ed52ed3c13f0d7a7934dd82252192b94010018b9fd563360a06f561
	3d269b79ba5de8197b0fc1b82ae23dd04f7097fc8d33da0fae3d11f413bf0efa
	7fb45017b9e29d59b844a89921a7c46f07489426e57ac514b0ff10495b20c7c9